-----------------------

09 marca 2018 13:46:49


Nastąpiła próba podzielenia przez zero.
At line:7 char:30
+     Write-Host "$x / $y" = $($x/$y)
+                              ~~~~~
    + CategoryInfo          : NotSpecified: (:) [], RuntimeException
    + FullyQualifiedErrorId : RuntimeException
 
-----------------------

09 marca 2018 13:54:13


Nastąpiła próba podzielenia przez zero.
At line:7 char:30
+     Write-Host "$x / $y" = $($x/$y)
+                              ~~~~~
    + CategoryInfo          : NotSpecified: (:) [], RuntimeException
    + FullyQualifiedErrorId : RuntimeException
 
